// Jest Snapshot v1, https://goo.gl/fbAQLP

exports[`Store functions can create a category store 1`] = `
Object {
  "categories": Object {
    "1": Object {
      "id": 1,
      "name": "Build Tools",
      "selected": false,
      "tags": Array [
        1,
      ],
    },
    "2": Object {
      "id": 2,
      "name": "CLI",
      "selected": false,
      "tags": Array [
        2,
      ],
    },
    "3": Object {
      "id": 3,
      "name": "Cloud",
      "selected": false,
      "tags": Array [
        4,
        5,
        6,
        3,
      ],
    },
    "4": Object {
      "id": 4,
      "name": "Deploy",
      "selected": false,
      "tags": Array [
        7,
      ],
    },
    "5": Object {
      "id": 5,
      "name": "Image Build",
      "selected": false,
      "tags": Array [
        8,
      ],
    },
  },
  "err": "",
  "isLoading": false,
  "tags": Object {
    "1": Object {
      "id": 1,
      "name": "build-tool",
    },
    "2": Object {
      "id": 2,
      "name": "cli",
    },
    "3": Object {
      "id": 3,
      "name": "gcp",
    },
    "4": Object {
      "id": 4,
      "name": "aws",
    },
    "5": Object {
      "id": 5,
      "name": "azure",
    },
    "6": Object {
      "id": 6,
      "name": "cloud",
    },
    "7": Object {
      "id": 7,
      "name": "deploy",
    },
    "8": Object {
      "id": 8,
      "name": "image-build",
    },
  },
}
`;
