// Jest Snapshot v1, https://goo.gl/fbAQLP

exports[`CategoryFilter finds the filter component and matches the count 1`] = `
"<Provider>
   
  <CategoryFilter>
    <Filter store={{...}} header=\\"Categories\\">
      <div className=\\"Filter\\">
        <Grid sm={6} md={4} lg={3} xl2={1}>
          <div className=\\"pf-l-grid pf-m-all-6-col-on-sm pf-m-all-4-col-on-md pf-m-all-3-col-on-lg pf-m-all-1-col-on-2xl\\">
            <GridItem className=\\"Text-Header\\" span={1} rowSpan={2}>
              <div className=\\"pf-l-grid__item pf-m-1-col pf-m-2-row Text-Header\\">
                <Text component=\\"h1\\" style={{...}}>
                  <h1 style={{...}} data-pf-content={true} className=\\"\\">
                    Categories
                  </h1>
                </Text>
              </div>
            </GridItem>
            <GridItem rowSpan={2}>
              <div className=\\"pf-l-grid__item pf-m-2-row\\">
                <Button variant=\\"plain\\" aria-label=\\"Clear\\" onClick={[Function: res]}>
                  <button onClick={[Function: res]} aria-disabled={false} aria-label=\\"Clear\\" className=\\"pf-c-button pf-m-plain\\" disabled={false} tabIndex={[undefined]} type=\\"button\\" data-ouia-component-type=\\"PF4/Button\\" data-ouia-safe={true} data-ouia-component-id={1}>
                    <TimesIcon color=\\"currentColor\\" size=\\"sm\\" noVerticalAlign={false}>
                      <svg style={{...}} fill=\\"currentColor\\" height=\\"1em\\" width=\\"1em\\" viewBox=\\"0 0 352 512\\" aria-labelledby={{...}} aria-hidden={true} role=\\"img\\">
                        <path d=\\"M242.72 256l100.07-100.07c12.28-12.28 12.28-32.19 0-44.48l-22.24-22.24c-12.28-12.28-32.19-12.28-44.48 0L176 189.28 75.93 89.21c-12.28-12.28-32.19-12.28-44.48 0L9.21 111.45c-12.28 12.28-12.28 32.19 0 44.48L109.28 256 9.21 356.07c-12.28 12.28-12.28 32.19 0 44.48l22.24 22.24c12.28 12.28 32.2 12.28 44.48 0L176 322.72l100.07 100.07c12.28 12.28 32.2 12.28 44.48 0l22.24-22.24c12.28-12.28 12.28-32.19 0-44.48L242.72 256z\\" transform=\\"\\" />
                      </svg>
                    </TimesIcon>
                  </button>
                </Button>
              </div>
            </GridItem>
          </div>
        </Grid>
        <Grid>
          <div className=\\"pf-l-grid\\">
            <GridItem className=\\"Checkboxes\\">
              <div className=\\"pf-l-grid__item Checkboxes\\">
                <Checkbox label=\\"Build Tools\\" isChecked={false} onChange={[Function: onChange]} aria-label=\\"controlled checkbox\\" id=\\"1\\" name=\\"Build Tools\\" className=\\"\\" isValid={true} isDisabled={false}>
                  <div className=\\"pf-c-check\\">
                    <input id=\\"1\\" name=\\"Build Tools\\" className=\\"pf-c-check__input\\" type=\\"checkbox\\" onChange={[Function (anonymous)]} aria-invalid={false} aria-label=\\"controlled checkbox\\" disabled={false} checked={false} />
                    <label className=\\"pf-c-check__label\\" htmlFor=\\"1\\">
                      Build Tools
                    </label>
                  </div>
                </Checkbox>
                <Checkbox label=\\"CLI\\" isChecked={false} onChange={[Function: onChange]} aria-label=\\"controlled checkbox\\" id=\\"2\\" name=\\"CLI\\" className=\\"\\" isValid={true} isDisabled={false}>
                  <div className=\\"pf-c-check\\">
                    <input id=\\"2\\" name=\\"CLI\\" className=\\"pf-c-check__input\\" type=\\"checkbox\\" onChange={[Function (anonymous)]} aria-invalid={false} aria-label=\\"controlled checkbox\\" disabled={false} checked={false} />
                    <label className=\\"pf-c-check__label\\" htmlFor=\\"2\\">
                      CLI
                    </label>
                  </div>
                </Checkbox>
                <Checkbox label=\\"Cloud\\" isChecked={false} onChange={[Function: onChange]} aria-label=\\"controlled checkbox\\" id=\\"3\\" name=\\"Cloud\\" className=\\"\\" isValid={true} isDisabled={false}>
                  <div className=\\"pf-c-check\\">
                    <input id=\\"3\\" name=\\"Cloud\\" className=\\"pf-c-check__input\\" type=\\"checkbox\\" onChange={[Function (anonymous)]} aria-invalid={false} aria-label=\\"controlled checkbox\\" disabled={false} checked={false} />
                    <label className=\\"pf-c-check__label\\" htmlFor=\\"3\\">
                      Cloud
                    </label>
                  </div>
                </Checkbox>
                <Checkbox label=\\"Deploy\\" isChecked={false} onChange={[Function: onChange]} aria-label=\\"controlled checkbox\\" id=\\"4\\" name=\\"Deploy\\" className=\\"\\" isValid={true} isDisabled={false}>
                  <div className=\\"pf-c-check\\">
                    <input id=\\"4\\" name=\\"Deploy\\" className=\\"pf-c-check__input\\" type=\\"checkbox\\" onChange={[Function (anonymous)]} aria-invalid={false} aria-label=\\"controlled checkbox\\" disabled={false} checked={false} />
                    <label className=\\"pf-c-check__label\\" htmlFor=\\"4\\">
                      Deploy
                    </label>
                  </div>
                </Checkbox>
                <Checkbox label=\\"Image Build\\" isChecked={false} onChange={[Function: onChange]} aria-label=\\"controlled checkbox\\" id=\\"5\\" name=\\"Image Build\\" className=\\"\\" isValid={true} isDisabled={false}>
                  <div className=\\"pf-c-check\\">
                    <input id=\\"5\\" name=\\"Image Build\\" className=\\"pf-c-check__input\\" type=\\"checkbox\\" onChange={[Function (anonymous)]} aria-invalid={false} aria-label=\\"controlled checkbox\\" disabled={false} checked={false} />
                    <label className=\\"pf-c-check__label\\" htmlFor=\\"5\\">
                      Image Build
                    </label>
                  </div>
                </Checkbox>
              </div>
            </GridItem>
          </div>
        </Grid>
      </div>
    </Filter>
  </CategoryFilter>
   
</Provider>"
`;
