// Jest Snapshot v1, https://goo.gl/fbAQLP

exports[`App should render the component correctly and match the snapshot 1`] = `
Array [
  " ",
  <div
    className="App"
  >
    <div
      className="hub-filter"
    >
      <div
        className="pf-l-grid pf-m-all-6-col-on-sm pf-m-all-4-col-on-md pf-m-all-3-col-on-lg pf-m-all-1-col-on-2xl"
      >
        <div
          className="pf-l-grid__item pf-m-1-col pf-m-1-row hub-filter-header"
        >
          <h1
            className=""
            data-pf-content={true}
            style={
              Object {
                "fontWeight": "bold",
              }
            }
          >
            Categories
          </h1>
        </div>
        <div
          className="pf-l-grid__item pf-m-2-row"
        >
          <button
            aria-disabled={false}
            aria-label="Clear"
            className="pf-c-button pf-m-plain"
            data-ouia-component-id={0}
            data-ouia-component-type="PF4/Button"
            data-ouia-safe={true}
            disabled={false}
            onClick={[Function]}
            type="button"
          >
            <svg
              aria-hidden={true}
              aria-labelledby={null}
              fill="currentColor"
              height="1em"
              role="img"
              style={
                Object {
                  "verticalAlign": "-0.125em",
                }
              }
              viewBox="0 0 352 512"
              width="1em"
            >
              <path
                d="M242.72 256l100.07-100.07c12.28-12.28 12.28-32.19 0-44.48l-22.24-22.24c-12.28-12.28-32.19-12.28-44.48 0L176 189.28 75.93 89.21c-12.28-12.28-32.19-12.28-44.48 0L9.21 111.45c-12.28 12.28-12.28 32.19 0 44.48L109.28 256 9.21 356.07c-12.28 12.28-12.28 32.19 0 44.48l22.24 22.24c12.28 12.28 32.2 12.28 44.48 0L176 322.72l100.07 100.07c12.28 12.28 32.2 12.28 44.48 0l22.24-22.24c12.28-12.28 12.28-32.19 0-44.48L242.72 256z"
                transform=""
              />
            </svg>
          </button>
        </div>
      </div>
      <div
        className="pf-l-grid"
      >
        <div
          className="pf-l-grid__item hub-filter-checkboxes"
        />
      </div>
    </div>
  </div>,
  " ",
]
`;
